main
	PSHS	U
	LEAU	,S
	LEAS	-20,S
	LDD	#-12
	STD	4
_3
	LDD	4
	SUBD	#12
	LBGT	_2
	LDD	4
	ANDA	#0
	ANDB	#255
	ORA	#21
	ORB	#0
	PSHS	D
	LBSR	mulus8
	LEAS	2,S
	STD	10
	LDD	#-39
	STD	2
_6
	LDD	2
	SUBD	#39
	LBGT	_5
	LDD	2
	ANDA	#0
	ANDB	#255
	ORA	#12
	ORB	#0
	PSHS	D
	LBSR	mulus8
	LEAS	2,S
	STD	8
	LDD	8
	STD	12
	LDD	10
	STD	14
	LDD	14
	ADDD	12
	PSHS	D
	LDD	12
	SUBD	14
	PSHS	D
	LBSR	mul8p8
	LEAS	4,S
	STD	16
	CLRA
	CLRB
	STD	6
_8
	LDD	6
	SUBD	#16
	LBGE	_7
	LDD	14
	PSHS	D
	LDD	12
	PSHS	D
	LBSR	mul8p8
	LEAS	4,S
	ASLB
	ROLA
	ADDD	10
	STD	14
	LDD	8
	ADDD	16
	STD	12
	LDD	12
	PSHS	D
	LDD	12
	PSHS	D
	LBSR	mul8p8
	LEAS	4,S
	STD	18
	LDD	14
	PSHS	D
	LDD	14
	PSHS	D
	LBSR	mul8p8
	LEAS	4,S
	STD	20
	LDD	18
	SUBD	20
	STD	16
	LDD	20
	ADDD	18
	SUBD	#1024
	LBLE	_10
	LDD	6
	SUBD	#9
	LBLE	_11
	LDD	6
	ADDD	#7
	STD	6
_11
	LDD	6
	ADDD	#48
	PSHS	D
	LBSR	putchar
	LEAS	2,S
	LBRA	_12
_10
_9
	LDD	6
	ADDD	#1
	STD	6
	LBRA	_8
_7
	LDD	#32
	PSHS	D
	LBSR	putchar
	LEAS	2,S
_12
_13
	LDD	2
	ADDD	#1
	STD	2
	LBRA	_6
_5
	LDD	#10
	PSHS	D
	LBSR	putchar
	LEAS	2,S
_4
	LDD	4
	ADDD	#1
	STD	4
	LBRA	_3
_2
	LDD	4
	LEAS	,U
	PULS	U,PC
_1	RTS
_INITIALIZE	EQU	_1
_GLOBALS	EQU	0
	END
