 AS V1.42 Beta [Bld 273] - Source File mul88.s - Page 1 - 7/24/2026 9:23:33


    1/   0 :                            	page	0
    2/   0 :                            	cpu	6502
    3/   0 :                            
    4/   0 :                            ;;
    5/   0 :                            ;; const
    6/   0 :                            ;;
    7/   0 : =$C                        FP88_X_STEP	equ	12	; /* round(0.0458 * 256) */
    8/   0 : =$15                       FP88_Y_STEP	equ	21	; /* round(0.08333 * 256) */
    9/   0 : =$4                        FP88_FOUR	equ	4
   10/   0 :                            
   11/   0 : =$FFFFFFD9                 X_MIN		equ	-39
   12/   0 : =$FFFFFFF4                 Y_MIN		equ	-12
   13/   0 : =$28                       X_MAX		equ	40
   14/   0 : =$D                        Y_MAX		equ	13
   15/   0 :                            
   16/   0 : =$D                        CR		equ	$0D
   17/   0 : =$A                        LF		equ	$0A
   18/   0 : =$6F90                     CONOUT		equ	$6f90
   19/   0 :                            
   20/   0 :                            ;;
   21/   0 :                            ;; Zero page
   22/   0 :                            ;;
   23/   0 : =$87                       W	equ	$87		; W:7-0, W+1:15-8, W+2:23-16
   24/   0 :                            				; temp ML/MH
   25/   0 :                            				; const ML/MH
   26/   0 :                            				; const NL/NH
   27/   0 :                            
   28/   0 : =$90                       CA	equ	$90
   29/   0 : =$92                       CB	equ	$92
   30/   0 : =$94                       A	equ	$94
   31/   0 : =$96                       B	equ	$96
   32/   0 : =$98                       T	equ	$98
   33/   0 : =$9A                       SQD	equ	$9A
   34/   0 : =$9C                       AA	equ	$9C
   35/   0 : =$9E                       BB	equ	$9E
   36/   0 : =$A0                       I	equ	$A0
   37/   0 : =$A1                       CHR	equ	$A1
   38/   0 :                            
   39/   0 :                            ;;
   40/   0 :                            ;; main
   41/   0 :                            ;;
   42/6000 :                            	org	$6000
   43/6000 :                            
   44/6000 : A0 F4                      	ldy	#Y_MIN
   45/6002 :                            FOR_Y:
   46/6002 : 98                         	tya
   47/6003 : 85 8E                      	sta	W+7
   48/6005 : A9 15                      	lda	#FP88_Y_STEP	; unsigned -> a reg
   49/6007 : 20 00 64                   	jsr	MULUS8		; CB = FP88_Y_STEP(unsigned) * Y(signed)
   50/600A : A5 88                      	lda	W+1
   51/600C : 85 92                      	sta	CB
   52/600E : A5 89                      	lda	W+2
   53/6010 : 85 93                      	sta	CB+1
   54/6012 :                            
   55/6012 : A2 D9                      	ldx	#X_MIN
   56/6014 :                            FOR_X:
   57/6014 : A5 92                      	lda	CB		; CB -> B
   58/6016 : 85 96                      	sta	B
   59/6018 : A5 93                      	lda	CB+1
   60/601A : 85 97                      	sta	B+1
   61/601C :                            
   62/601C : 8A                         	txa
   63/601D : 85 8E                      	sta	W+7
   64/601F : A9 0C                      	lda	#FP88_X_STEP	; unsigned -> a reg
   65/6021 : 20 00 64                   	jsr	MULUS8		; CA = FP88_X_STEP * X, CA -> A
   66/6024 : A5 88                      	lda	W+1
   67/6026 : 85 90                      	sta	CA
   68/6028 : 85 94                      	sta	A+0
   69/602A : A5 89                      	lda	W+2
   70/602C : 85 91                      	sta	CA+1
   71/602E : 85 95                      	sta	A+1
   72/6030 :                            
   73/6030 : 20 8A 60                   	jsr	CALC_SQDIFF
   74/6033 :                            
   75/6033 : A9 10                      	lda	#$10
   76/6035 : 85 A0                      	sta	I
   77/6037 : A9 20                      	lda	#' '
   78/6039 : 85 A1                      	sta	CHR
   79/603B :                            FOR_I:
   80/603B : 20 B0 60                   	jsr	CALC_FOR_I
   81/603E : 18                         	clc			; T = AA + BB
   82/603F : A5 9C                      	lda	AA
   83/6041 : 65 9E                      	adc	BB
   84/6043 : 85 98                      	sta	T
   85/6045 : A5 9D                      	lda	AA+1
   86/6047 : 65 9F                      	adc	BB+1
   87/6049 : 85 99                      	sta	T+1
   88/604B : C9 04                      	cmp	#FP88_FOUR	; if T > (4 << 8)
   89/604D : 30 18                      	bmi	NEXT_I
   90/604F : D0 04                      	bne	CHAR
   91/6051 : A5 98                      	lda	T
   92/6053 : F0 12                      	beq	NEXT_I
   93/6055 :                            CHAR:
   94/6055 : A9 10                      	lda	#$10
   95/6057 : 38                         	sec
   96/6058 : E5 A0                      	sbc	I
   97/605A : C9 0A                      	cmp	#10
   98/605C : 30 03                      	bmi	NUM		; i = 0,1,2,3,4,5,6,7,8,9
   99/605E : 18                         	clc			; i = a,b,c,d,e,f
  100/605F : 69 07                      	adc	#7
  101/6061 :                            NUM:
  102/6061 : 69 30                      	adc	#'0'
  103/6063 : 85 A1                      	sta	CHR
  104/6065 : D0 04                      	bne	NEXT_X
  105/6067 :                            NEXT_I:
  106/6067 : C6 A0                      	dec	I
  107/6069 : D0 D0                      	bne	FOR_I
  108/606B :                            
  109/606B :                            NEXT_X:
  110/606B : A5 A1                      	lda	CHR
  111/606D : 20 90 6F                   	jsr	CONOUT
  112/6070 : E8                         	inx
  113/6071 : 8A                         	txa
  114/6072 : C9 28                      	cmp	#X_MAX
  115/6074 : D0 9E                      	bne	FOR_X
  116/6076 :                            
  117/6076 :                            NEXT_Y:
  118/6076 : A9 0D                      	lda	#CR
  119/6078 : 20 90 6F                   	jsr	CONOUT
  120/607B : A9 0A                      	lda	#LF
  121/607D : 20 90 6F                   	jsr	CONOUT
  122/6080 : C8                         	iny
  123/6081 : 98                         	tya
  124/6082 : C9 0D                      	cmp	#Y_MAX
  125/6084 : F0 03                      	beq	DONE
  126/6086 : 4C 02 60                   	jmp	FOR_Y
  127/6089 :                            
  128/6089 :                            DONE:
  129/6089 : 00                         	brk			; back to Monitor
  130/608A :                            
  131/608A :                            
  132/608A :                            CALC_SQDIFF:
  133/608A : 38                         	sec
  134/608B : A5 94                      	lda	A+0
  135/608D : E5 96                      	sbc	B
  136/608F : 85 8C                      	sta	W+5
  137/6091 : A5 95                      	lda	A+1
  138/6093 : E5 97                      	sbc	B+1
  139/6095 : 85 8D                      	sta	W+6
  140/6097 :                            
  141/6097 : 18                         	clc
  142/6098 : A5 94                      	lda	A+0
  143/609A : 65 96                      	adc	B
  144/609C : 85 8E                      	sta	W+7
  145/609E : A5 95                      	lda	A+1
  146/60A0 : 65 97                      	adc	B+1
  147/60A2 : 85 8F                      	sta	W+8
  148/60A4 :                            
  149/60A4 : 20 34 64                   	jsr	MUL88		; SQD = (a-b) * (a+b)
  150/60A7 : A5 88                      	lda	W+1
  151/60A9 : 85 9A                      	sta	SQD
  152/60AB : A5 89                      	lda	W+2
  153/60AD : 85 9B                      	sta	SQD+1
  154/60AF :                            
  155/60AF : 60                         	rts
  156/60B0 :                            
  157/60B0 :                            
  158/60B0 :                            CALC_FOR_I:
  159/60B0 : 18                         	clc			; T = SQD + CA
  160/60B1 : A5 9A                      	lda	SQD
  161/60B3 : 65 90                      	adc	CA
  162/60B5 : 85 98                      	sta	T
  163/60B7 : A5 9B                      	lda	SQD+1
  164/60B9 : 65 91                      	adc	CA+1
  165/60BB : 85 99                      	sta	T+1
  166/60BD :                            
  167/60BD : A5 94                      	lda	A+0		; B = ((A * B) << 1) + CB
  168/60BF : 85 8C                      	sta	W+5
  169/60C1 : A5 95                      	lda	A+1
  170/60C3 : 85 8D                      	sta	W+6
  171/60C5 : A5 96                      	lda	B
  172/60C7 : 85 8E                      	sta	W+7
  173/60C9 : A5 97                      	lda	B+1
  174/60CB : 85 8F                      	sta	W+8
  175/60CD : 20 34 64                   	jsr	MUL88
  176/60D0 : 06 88                      	asl	W+1
  177/60D2 : 26 89                      	rol	W+2
  178/60D4 : 18                         	clc
  179/60D5 : A5 88                      	lda	W+1
  180/60D7 : 65 92                      	adc	CB
  181/60D9 : 85 96                      	sta	B
  182/60DB : A5 89                      	lda	W+2
  183/60DD : 65 93                      	adc	CB+1
  184/60DF : 85 97                      	sta	B+1
  185/60E1 :                            
  186/60E1 : A5 98                      	lda	T		; A = T, AA = A * A
  187/60E3 : 85 94                      	sta	A+0
  188/60E5 : 85 8C                      	sta	W+5
  189/60E7 : 85 8E                      	sta	W+7
  190/60E9 : A5 99                      	lda	T+1
  191/60EB : 85 95                      	sta	A+1
  192/60ED : 85 8D                      	sta	W+6
  193/60EF : 85 8F                      	sta	W+8
  194/60F1 : 20 34 64                   	jsr	MUL88
  195/60F4 : A5 88                      	lda	W+1
  196/60F6 : 85 9C                      	sta	AA
  197/60F8 : A5 89                      	lda	W+2
  198/60FA : 85 9D                      	sta	AA+1
  199/60FC :                            
  200/60FC : A5 96                      	lda	B		; BB = B * B
  201/60FE : 85 8C                      	sta	W+5
  202/6100 : 85 8E                      	sta	W+7
  203/6102 : A5 97                      	lda	B+1
  204/6104 : 85 8D                      	sta	W+6
  205/6106 : 85 8F                      	sta	W+8
  206/6108 : 20 34 64                   	jsr	MUL88
  207/610B : A5 88                      	lda	W+1
  208/610D : 85 9E                      	sta	BB
  209/610F : A5 89                      	lda	W+2
  210/6111 : 85 9F                      	sta	BB+1
  211/6113 :                            
  212/6113 : 38                         	sec			; SQD = AA - BB
  213/6114 : A5 9C                      	lda	AA
  214/6116 : E5 9E                      	sbc	BB
  215/6118 : 85 9A                      	sta	SQD
  216/611A : A5 9D                      	lda	AA+1
  217/611C : E5 9F                      	sbc	BB+1
  218/611E : 85 9B                      	sta	SQD+1
  219/6120 :                            
  220/6120 : 60                         	rts
  221/6121 :                            
  222/6121 :                            
  223/6121 :                            ;;
  224/6121 :                            ;; utils
  225/6121 :                            ;;
  226/6400 :                            	org	$6400
  227/6400 :                            
  228/6400 :                            ;
  229/6400 :                            ; unsigned 8bit x signed 8bit -> signed 16bit
  230/6400 :                            ;
  231/6400 :                            ; a reg x W+7 -> W+1,W+2
  232/6400 :                            ;
  233/6400 :                            MULUS8:
  234/6400 : 85 8C                      	sta	W+5
  235/6402 : 85 8A                      	sta	W+3
  236/6404 : 8A                         	txa
  237/6405 : 48                         	pha
  238/6406 : A2 08                      	ldx	#8
  239/6408 : A9 00                      	lda	#0
  240/640A : 85 88                      	sta	W+1
  241/640C : 85 89                      	sta	W+2
  242/640E :                            MLT82:
  243/640E : 06 88                      	asl	W+1		; prod << 1
  244/6410 : 26 89                      	rol	W+2
  245/6412 : 26 8A                      	rol	W+3		; c,M = M << 1
  246/6414 : 90 0D                      	bcc	MLT8N
  247/6416 : 18                         	clc
  248/6417 : A5 88                      	lda	W+1		; prod += N
  249/6419 : 65 8E                      	adc	W+7
  250/641B : 85 88                      	sta	W+1
  251/641D : A5 89                      	lda	W+2
  252/641F : 69 00                      	adc	#0
  253/6421 : 85 89                      	sta	W+2
  254/6423 :                            MLT8N:
  255/6423 : CA                         	dex
  256/6424 : D0 E8                      	bne	MLT82
  257/6426 :                            ; sign
  258/6426 : A5 8E                      	lda	W+7
  259/6428 : 10 07                      	bpl	_m8ret
  260/642A : 38                         	sec
  261/642B : A5 89                      	lda	W+2
  262/642D : E5 8C                      	sbc	W+5
  263/642F : 85 89                      	sta	W+2
  264/6431 :                            _m8ret:
  265/6431 : 68                         	pla
  266/6432 : AA                         	tax
  267/6433 : 60                         	rts
  268/6434 :                            
  269/6434 :                            ;
  270/6434 :                            ; signed 8.8 x signed 8.8 -> signed 8.8 (round down)
  271/6434 :                            ;
  272/6434 :                            ; M(W+5,6) x N(W+7,8) -> W+1,W+2
  273/6434 :                            ;
  274/6434 :                            MUL88:
  275/6434 : 8A                         	txa
  276/6435 : 48                         	pha
  277/6436 :                            
  278/6436 : A5 8C                      	lda	W+5
  279/6438 : 85 8A                      	sta	W+3
  280/643A : A5 8D                      	lda	W+6
  281/643C : 85 8B                      	sta	W+4
  282/643E : A2 10                      	ldx	#$10
  283/6440 : A9 00                      	lda	#0
  284/6442 : 85 87                      	sta	W
  285/6444 : 85 88                      	sta	W+1
  286/6446 : 85 89                      	sta	W+2
  287/6448 :                            MLT2:
  288/6448 : 06 87                      	asl	W		; prod << 1
  289/644A : 26 88                      	rol	W+1
  290/644C : 26 89                      	rol	W+2
  291/644E : 26 8A                      	rol	W+3		; c,M = M << 1
  292/6450 : 26 8B                      	rol	W+4
  293/6452 : 90 13                      	bcc	MLTN
  294/6454 : 18                         	clc
  295/6455 : A5 87                      	lda	W		; prod += N
  296/6457 : 65 8E                      	adc	W+7
  297/6459 : 85 87                      	sta	W
  298/645B : A5 88                      	lda	W+1
  299/645D : 65 8F                      	adc	W+8
  300/645F : 85 88                      	sta	W+1
  301/6461 : A5 89                      	lda	W+2
  302/6463 : 69 00                      	adc	#0
  303/6465 : 85 89                      	sta	W+2
  304/6467 :                            MLTN:
  305/6467 : CA                         	dex
  306/6468 : D0 DE                      	bne	MLT2
  307/646A :                            ; M sign
  308/646A : A5 8D                      	lda	W+6
  309/646C : 10 07                      	bpl	_plM
  310/646E : A5 89                      	lda	W+2
  311/6470 : 38                         	sec
  312/6471 : E5 8E                      	sbc	W+7
  313/6473 : 85 89                      	sta	W+2
  314/6475 :                            _plM:
  315/6475 : A5 8F                      	lda	W+8
  316/6477 : 10 07                      	bpl	_rdown
  317/6479 : A5 89                      	lda	W+2
  318/647B : 38                         	sec
  319/647C : E5 8C                      	sbc	W+5
  320/647E : 85 89                      	sta	W+2
  321/6480 :                            _rdown
  322/6480 : A5 89                      	lda	W+2
  323/6482 : 10 13                      	bpl	_mret
  324/6484 : 18                         	clc
  325/6485 : A5 87                      	lda	W
  326/6487 : 69 FF                      	adc	#255
  327/6489 : 85 87                      	sta	W
  328/648B : A5 88                      	lda	W+1
  329/648D : 69 00                      	adc	#0
  330/648F : 85 88                      	sta	W+1
  331/6491 : A5 89                      	lda	W+2
  332/6493 : 69 00                      	adc	#0
  333/6495 : 85 89                      	sta	W+2
  334/6497 :                            _mret:
  335/6497 : 68                         	pla
  336/6498 : AA                         	tax
  337/6499 : 60                         	rts
  338/649A :                            
 AS V1.42 Beta [Bld 273] - Source File mul88.s - Page 2 - 7/24/2026 9:23:33


  Symbol Table (* = unused):
  --------------------------

 A :                             94 - |  AA :                            9C - |
*ARCHITECTURE :                                        "i386-unknown-win32" - |
 B :                             96 - |  BB :                            9E - |
 CA :                            90 - |  CALC_FOR_I :                  60B0 C |
 CALC_SQDIFF :                 608A C | *CASESENSITIVE :                  0 - |
 CB :                            92 - |  CHAR :                        6055 C |
 CHR :                           A1 - |  CONOUT :                      6F90 - |
*CONSTPI :        3.141592653589793 - |  CR :                             D - |
*DATE :                 "7/24/2026" - |  DONE :                        6089 C |
*FALSE :                          0 - |  FOR_I :                       603B C |
 FOR_X :                       6014 C |  FOR_Y :                       6002 C |
 FP88_FOUR :                      4 - |  FP88_X_STEP :                    C - |
 FP88_Y_STEP :                   15 - | *HAS64 :                          0 - |
 I :                             A0 - |  LF :                             A - |
*LISTON :                         1 - | *MACEXP :                         7 - |
 MLT2 :                        6448 C |  MLT82 :                       640E C |
 MLT8N :                       6423 C |  MLTN :                        6467 C |
*MOMCPU :                      6502 - | *MOMCPUNAME :                "6502" - |
 MUL88 :                       6434 C |  MULUS8 :                      6400 C |
*NESTMAX :                      100 - |  NEXT_I :                      6067 C |
 NEXT_X :                      606B C | *NEXT_Y :                      6076 C |
 NUM :                         6061 C | *RELAXED :                        0 - |
 SQD :                           9A - |  T :                             98 - |
*TIME :                   "9:23:33" - | *TRUE :                           1 - |
*VERSION :                     142F - |  W :                             87 - |
 X_MAX :                         28 - |  X_MIN :                   FFFFFFD9 - |
 Y_MAX :                          D - |  Y_MIN :                   FFFFFFF4 - |
 _M8RET :                      6431 C |  _MRET :                       6497 C |
 _PLM :                        6475 C |  _RDOWN :                      6480 C |

     57 symbols
     16 unused symbols

 AS V1.42 Beta [Bld 273] - Source File mul88.s - Page 3 - 7/24/2026 9:23:33


  Code Pages:
  ----------

STANDARD (0 changed characters)

1 code page

0.00 seconds assembly time

    338 lines source file
      2 passes
      0 errors
      0 warnings
